*****************************************************************
Pin Report - Date: Wed Apr 13 14:20:30 2016 Pinchecksum: NOT-AVAILABLE
Product: Designer
Release: v11.7
Version: 11.7.0.119
Design Name: TDR
Family: SmartFusion2
Die: M2S150
Package: 1152 FC
*****************************************************************

Port                     |Pin  |Fixed |Function                                   |Bank     |I/O Std   |Direction                      |I/O state in Flash*Freeze mode |Resistor Pull                      |I/O available in Flash*Freeze mode |Schmitt Trigger |Odt_Static    |Odt Imp (Ohm)  |Low Power Exit |Input Delay |Slew         |Pre-Emphasis      |Output Drive (mA) |Output Load (pF) |
-------------------------|-----|------|-------------------------------------------|---------|----------|-------------------------------|-------------------------------|-----------------------------------|-----------------------------------|----------------|--------------|---------------|---------------|------------|-------------|------------------|------------------|-----------------|
ccu25_data_0[0]           D20   Yes    DDRIO134PB1/FDDR_BA2                        Bank1     LVCMOS25   Inout                           TRISTATE                        None                                No                                  Off              ---            ---             Off             Off          SLOW          ---                4                  5                 
ccu25_data_0[1]           H23   Yes    DDRIO157NB1/FDDR_DQ9                        Bank1     LVCMOS25   Inout                           TRISTATE                        None                                No                                  Off              ---            ---             Off             Off          SLOW          ---                4                  5                 
ccu25_data_0[2]           B19   Yes    DDRIO130NB1/FDDR_ADDR7                      Bank1     LVCMOS25   Inout                           TRISTATE                        None                                No                                  Off              ---            ---             Off             Off          SLOW          ---                4                  5                 
ccu25_data_0[3]           G27   Yes    DDRIO154PB1/FDDR_TMATCH_0_IN                Bank1     LVCMOS25   Inout                           TRISTATE                        None                                No                                  Off              ---            ---             Off             Off          SLOW          ---                4                  5                 
ccu25_data_0[4]           A18   Yes    DDRIO126NB1/FDDR_ADDR15                     Bank1     LVCMOS25   Inout                           TRISTATE                        None                                No                                  Off              ---            ---             Off             Off          SLOW          ---                4                  5                 
ccu25_data_0[5]           A29   Yes    DDRIO162PB1/FDDR_DQ2                        Bank1     LVCMOS25   Inout                           TRISTATE                        None                                No                                  Off              ---            ---             Off             Off          SLOW          ---                4                  5                 
ccu25_data_0[6]           B21   Yes    DDRIO140NB1/FDDR_DQ31                       Bank1     LVCMOS25   Inout                           TRISTATE                        None                                No                                  Off              ---            ---             Off             Off          SLOW          ---                4                  5                 
ccu25_data_0[7]           A21   Yes    DDRIO140PB1/FDDR_DQ30                       Bank1     LVCMOS25   Inout                           TRISTATE                        None                                No                                  Off              ---            ---             Off             Off          SLOW          ---                4                  5                 
ccu25_data_1[0]           A23   Yes    DDRIO141PB1/FDDR_DQ28                       Bank1     LVCMOS25   Inout                           TRISTATE                        None                                No                                  Off              ---            ---             Off             Off          SLOW          ---                4                  5                 
ccu25_data_1[1]           C25   Yes    DDRIO146PB1/FDDR_DQ23                       Bank1     LVCMOS25   Inout                           TRISTATE                        None                                No                                  Off              ---            ---             Off             Off          SLOW          ---                4                  5                 
ccu25_data_1[2]           D26   Yes    DDRIO149PB1/FDDR_DQS2                       Bank1     LVCMOS25   Inout                           TRISTATE                        None                                No                                  Off              ---            ---             Off             Off          SLOW          ---                4                  5                 
ccu25_data_1[3]           C27   Yes    DDRIO151NB1/FDDR_DQ17                       Bank1     LVCMOS25   Inout                           TRISTATE                        None                                No                                  Off              ---            ---             Off             Off          SLOW          ---                4                  5                 
ccu25_data_1[4]           A25   Yes    DDRIO147PB1/FDDR_DQ21                       Bank1     LVCMOS25   Inout                           TRISTATE                        None                                No                                  Off              ---            ---             Off             Off          SLOW          ---                4                  5                 
ccu25_data_1[5]           B23   Yes    DDRIO141NB1/FDDR_DQ29                       Bank1     LVCMOS25   Inout                           TRISTATE                        None                                No                                  Off              ---            ---             Off             Off          SLOW          ---                4                  5                 
ccu25_data_1[6]           C26   Yes    DDRIO149NB1/FDDR_DQS2_N                     Bank1     LVCMOS25   Inout                           TRISTATE                        None                                No                                  Off              ---            ---             Off             Off          SLOW          ---                4                  5                 
ccu25_data_1[7]           C28   Yes    DDRIO151PB1/FDDR_DQ16                       Bank1     LVCMOS25   Inout                           TRISTATE                        None                                No                                  Off              ---            ---             Off             Off          SLOW          ---                4                  5                 
ccu25_data_2[0]           C29   Yes    DDRIO161NB1/FDDR_DQS0_N                     Bank1     LVCMOS25   Inout                           TRISTATE                        None                                No                                  Off              ---            ---             Off             Off          SLOW          ---                4                  5                 
ccu25_data_2[1]           D28   Yes    DDRIO159PB1/FDDR_DQ5                        Bank1     LVCMOS25   Inout                           TRISTATE                        None                                No                                  Off              ---            ---             Off             Off          SLOW          ---                4                  5                 
ccu25_data_2[2]           B27   Yes    DDRIO148NB1/FDDR_DQ20                       Bank1     LVCMOS25   Inout                           TRISTATE                        None                                No                                  Off              ---            ---             Off             Off          SLOW          ---                4                  5                 
ccu25_data_2[3]           A27   Yes    DDRIO148PB1/FDDR_DM_RDQS2                   Bank1     LVCMOS25   Inout                           TRISTATE                        None                                No                                  Off              ---            ---             Off             Off          SLOW          ---                4                  5                 
ccu25_data_2[4]           E26   Yes    DDRIO150NB1/FDDR_DQ19                       Bank1     LVCMOS25   Inout                           TRISTATE                        None                                No                                  Off              ---            ---             Off             Off          SLOW          ---                4                  5                 
ccu25_data_2[5]           F29   Yes    DDRIO160NB1/FDDR_DQ4                        Bank1     LVCMOS25   Inout                           TRISTATE                        None                                No                                  Off              ---            ---             Off             Off          SLOW          ---                4                  5                 
ccu25_data_2[6]           E30   Yes    DDRIO163PB1/FDDR_DQ0                        Bank1     LVCMOS25   Inout                           TRISTATE                        None                                No                                  Off              ---            ---             Off             Off          SLOW          ---                4                  5                 
ccu25_data_2[7]           B29   Yes    DDRIO162NB1/FDDR_DQ3                        Bank1     LVCMOS25   Inout                           TRISTATE                        None                                No                                  Off              ---            ---             Off             Off          SLOW          ---                4                  5                 
ccu25_data_3[0]           B31   Yes    DDRIO164NB1/FDDR_DQ_ECC0                    Bank1     LVCMOS25   Inout                           TRISTATE                        None                                No                                  Off              ---            ---             Off             Off          SLOW          ---                4                  5                 
ccu25_data_3[1]           A33   Yes    DDRIO165PB1/FDDR_DQ_ECC3                    Bank1     LVCMOS25   Inout                           TRISTATE                        None                                No                                  Off              ---            ---             Off             Off          SLOW          ---                4                  5                 
ccu25_data_3[2]           D32   Yes    DDRIO169NB1                                 Bank1     LVCMOS25   Inout                           TRISTATE                        None                                No                                  Off              ---            ---             Off             Off          SLOW          ---                4                  5                 
ccu25_data_3[3]           E31   Yes    DDRIO169PB1/FDDR_TMATCH_ECC_OUT             Bank1     LVCMOS25   Inout                           TRISTATE                        None                                No                                  Off              ---            ---             Off             Off          SLOW          ---                4                  5                 
ccu25_data_3[4]           C30   Yes    DDRIO161PB1/FDDR_DQS0                       Bank1     LVCMOS25   Inout                           TRISTATE                        None                                No                                  Off              ---            ---             Off             Off          SLOW          ---                4                  5                 
ccu25_data_3[5]           B33   Yes    DDRIO165NB1/FDDR_DQ_ECC2                    Bank1     LVCMOS25   Inout                           TRISTATE                        None                                No                                  Off              ---            ---             Off             Off          SLOW          ---                4                  5                 
ccu25_data_3[6]           C32   Yes    DDRIO167PB1/FDDR_DQS_ECC                    Bank1     LVCMOS25   Inout                           TRISTATE                        None                                No                                  Off              ---            ---             Off             Off          SLOW          ---                4                  5                 
ccu25_data_3[7]           F30   Yes    DDRIO166NB1/FDDR_DM_RDQS_ECC                Bank1     LVCMOS25   Inout                           TRISTATE                        None                                No                                  Off              ---            ---             Off             Off          SLOW          ---                4                  5                 
ccu25_strobe_in_0         B18   Yes    DDRIO126PB1/FDDR_ADDR14                     Bank1     LVCMOS25   Output                          TRISTATE                        None                                No                                  ---              ---            ---             ---             ---          SLOW          ---                4                  5                 
ccu25_strobe_in_1         E28   Yes    DDRIO159NB1/FDDR_DQ6                        Bank1     LVCMOS25   Output                          TRISTATE                        None                                No                                  ---              ---            ---             ---             ---          SLOW          ---                4                  5                 
ccu25_strobe_in_2         A31   Yes    DDRIO164PB1/FDDR_DQ_ECC1                    Bank1     LVCMOS25   Output                          TRISTATE                        None                                No                                  ---              ---            ---             ---             ---          SLOW          ---                4                  5                 
ccu25_strobe_in_3         F31   Yes    DDRIO166PB1/FDDR_TMATCH_ECC_IN              Bank1     LVCMOS25   Output                          TRISTATE                        None                                No                                  ---              ---            ---             ---             ---          SLOW          ---                4                  5                 
ccu25_strobe_out_0        A19   Yes    DDRIO130PB1/FDDR_ODT                        Bank1     LVCMOS25   Input                           TRISTATE                        None                                No                                  Off              ---            ---             Off             Off          ---           ---                ---                ---               
ccu25_strobe_out_1        B25   Yes    DDRIO147NB1/FDDR_DQ22                       Bank1     LVCMOS25   Input                           TRISTATE                        None                                No                                  Off              ---            ---             Off             Off          ---           ---                ---                ---               
ccu25_strobe_out_2        C31   Yes    DDRIO167NB1/FDDR_DQS_ECC_N                  Bank1     LVCMOS25   Input                           TRISTATE                        None                                No                                  Off              ---            ---             Off             Off          ---           ---                ---                ---               
ccu25_strobe_out_3        D30   Yes    DDRIO163NB1/FDDR_DQ1                        Bank1     LVCMOS25   Input                           TRISTATE                        None                                No                                  Off              ---            ---             Off             Off          ---           ---                ---                ---               
clk                       J29   Yes    MSIO170PB0/CCC_NW1_CLKI3                    Bank0     LVCMOS25   Input                           TRISTATE                        None                                No                                  Off              ---            ---             Off             Off          ---           ---                ---                ---               
dac_din_0                 J7    No     MSIO78NB3/MMUART_0_DCD/GPIO_22_B            Bank3     LVCMOS33   Output                          TRISTATE                        None                                No                                  ---              ---            ---             ---             ---          ---           ---                4                  5                 
dac_din_1                 K9    No     MSIO81PB3/I2C_0_SDA/GPIO_30_B/USB_DATA0_C   Bank3     LVCMOS33   Output                          TRISTATE                        None                                No                                  ---              ---            ---             ---             ---          ---           ---                4                  5                 
dac_ldac_0                G5    No     MSIO79NB3/MMUART_0_TXD/GPIO_27_B/USB_DIR_C  Bank3     LVCMOS33   Output                          TRISTATE                        None                                No                                  ---              ---            ---             ---             ---          ---           ---                4                  5                 
dac_ldac_1                P33   No     MSIO203PB17                                 Bank17    LVCMOS33   Output                          TRISTATE                        None                                No                                  ---              ---            ---             ---             ---          ---           ---                4                  5                 
dac_sclk_0                F4    No     MSIO79PB3                                   Bank3     LVCMOS33   Output                          TRISTATE                        None                                No                                  ---              ---            ---             ---             ---          ---           ---                4                  5                 
dac_sclk_1                K10   No     MSIO81NB3/I2C_0_SCL/GPIO_31_B/USB_DATA1_C   Bank3     LVCMOS33   Output                          TRISTATE                        None                                No                                  ---              ---            ---             ---             ---          ---           ---                4                  5                 
dac_sync_0                J6    No     MSIO78PB3/MMUART_0_RI/GPIO_21_B             Bank3     LVCMOS33   Output                          TRISTATE                        None                                No                                  ---              ---            ---             ---             ---          ---           ---                4                  5                 
dac_sync_1                J8    No     MSIO80NB3/MMUART_0_CLK/GPIO_29_B/USB_NXT_C  Bank3     LVCMOS33   Output                          TRISTATE                        None                                No                                  ---              ---            ---             ---             ---          ---           ---                4                  5                 
hptdc_bunch_reset_0       R11   Yes    MSIO57NB4/SPI_1_SS3/GPIO_16_A               Bank4     LVTTL      Output                          TRISTATE                        None                                No                                  ---              ---            ---             ---             ---          ---           ---                4                  5                 
hptdc_bunch_reset_1       P9    Yes    MSIO58NB4/GPIO_30_A                         Bank4     LVTTL      Output                          TRISTATE                        None                                No                                  ---              ---            ---             ---             ---          ---           ---                4                  5                 
hptdc_bunch_reset_2       T11   Yes    MSIO50PB4/SPI_1_CLK                         Bank4     LVTTL      Output                          TRISTATE                        None                                No                                  ---              ---            ---             ---             ---          ---           ---                4                  5                 
hptdc_bunch_reset_3       T12   Yes    MSIO46NB4/SPI_0_SDI/GPIO_5_A/USB_DIR_A      Bank4     LVTTL      Output                          TRISTATE                        None                                No                                  ---              ---            ---             ---             ---          ---           ---                4                  5                 
hptdc_data_ready_0        K4    Yes    MSIO66PB3/USB_DATA6_D                       Bank3     LVTTL      Input                           TRISTATE                        None                                No                                  Off              ---            ---             Off             Off          ---           ---                ---                ---               
hptdc_data_ready_1        U10   Yes    MSIO42PB4/GB14/CCC_SE1_CLKI1                Bank4     LVTTL      Input                           TRISTATE                        None                                No                                  Off              ---            ---             Off             Off          ---           ---                ---                ---               
hptdc_data_ready_2        U6    Yes    MSIO33NB5                                   Bank5     LVTTL      Input                           TRISTATE                        None                                No                                  Off              ---            ---             Off             Off          ---           ---                ---                ---               
hptdc_data_ready_3        R23   Yes    MSIO200PB17                                 Bank17    LVTTL      Input                           TRISTATE                        None                                No                                  Off              ---            ---             Off             Off          ---           ---                ---                ---               
hptdc_encode_control_0    P12   Yes    MSIO64PB3/USB_DATA2_D                       Bank3     LVTTL      Output                          TRISTATE                        None                                No                                  ---              ---            ---             ---             ---          ---           ---                4                  5                 
hptdc_encode_control_1    P6    Yes    MSIO53PB4/SPI_1_SS6/GPIO_23_A               Bank4     LVTTL      Output                          TRISTATE                        None                                No                                  ---              ---            ---             ---             ---          ---           ---                4                  5                 
hptdc_encode_control_2    R2    Yes    MSIO32NB5/USB_DATA5_B                       Bank5     LVTTL      Output                          TRISTATE                        None                                No                                  ---              ---            ---             ---             ---          ---           ---                4                  5                 
hptdc_encode_control_3    N31   Yes    MSIO201NB17                                 Bank17    LVTTL      Output                          TRISTATE                        None                                No                                  ---              ---            ---             ---             ---          ---           ---                4                  5                 
hptdc_event_reset_0       AA10  Yes    MSIO11NB6                                   Bank6     LVTTL      Output                          TRISTATE                        None                                No                                  ---              ---            ---             ---             ---          ---           ---                4                  5                 
hptdc_event_reset_1       AC9   Yes    MSIO3PB6                                    Bank6     LVTTL      Output                          TRISTATE                        None                                No                                  ---              ---            ---             ---             ---          ---           ---                4                  5                 
hptdc_event_reset_2       AB10  Yes    MSIO11PB6                                   Bank6     LVTTL      Output                          TRISTATE                        None                                No                                  ---              ---            ---             ---             ---          ---           ---                4                  5                 
hptdc_event_reset_3       AA11  Yes    MSIO14NB6                                   Bank6     LVTTL      Output                          TRISTATE                        None                                No                                  ---              ---            ---             ---             ---          ---           ---                4                  5                 
hptdc_get_data_0          J4    Yes    MSIO65NB3/USB_DATA5_D                       Bank3     LVTTL      Output                          TRISTATE                        None                                No                                  ---              ---            ---             ---             ---          ---           ---                4                  5                 
hptdc_get_data_1          J2    Yes    MSIO56NB4/SPI_1_SS1/GPIO_14_A               Bank4     LVTTL      Output                          TRISTATE                        None                                No                                  ---              ---            ---             ---             ---          ---           ---                4                  5                 
hptdc_get_data_2          U5    Yes    MSIO37PB5/GB9/CCC_SE0_CLKI0                 Bank5     LVTTL      Output                          TRISTATE                        None                                No                                  ---              ---            ---             ---             ---          ---           ---                4                  5                 
hptdc_get_data_3          R24   Yes    MSIO200NB17                                 Bank17    LVTTL      Output                          TRISTATE                        None                                No                                  ---              ---            ---             ---             ---          ---           ---                4                  5                 
hptdc_serial_bypass_in_0  AA8   Yes    MSIO13PB6                                   Bank6     LVTTL      Output                          TRISTATE                        None                                No                                  ---              ---            ---             ---             ---          ---           ---                4                  5                 
hptdc_serial_bypass_in_1  AA12  Yes    MSIO14PB6                                   Bank6     LVTTL      Output                          TRISTATE                        None                                No                                  ---              ---            ---             ---             ---          ---           ---                4                  5                 
hptdc_serial_bypass_in_2  AB8   Yes    MSIO8PB6                                    Bank6     LVTTL      Output                          TRISTATE                        None                                No                                  ---              ---            ---             ---             ---          ---           ---                4                  5                 
hptdc_serial_bypass_in_3  AA9   Yes    MSIO13NB6                                   Bank6     LVTTL      Output                          TRISTATE                        None                                No                                  ---              ---            ---             ---             ---          ---           ---                4                  5                 
hptdc_serial_in_0         D1    Yes    MSIO62NB3/USB_NXT_D                         Bank3     LVTTL      Output                          TRISTATE                        None                                No                                  ---              ---            ---             ---             ---          ---           ---                4                  5                 
hptdc_serial_in_1         L5    Yes    MSIO59NB4/GPIO_0_B                          Bank4     LVTTL      Output                          TRISTATE                        None                                No                                  ---              ---            ---             ---             ---          ---           ---                4                  5                 
hptdc_serial_in_2         V11   Yes    MSIO35NB5                                   Bank5     LVTTL      Output                          TRISTATE                        None                                No                                  ---              ---            ---             ---             ---          ---           ---                4                  5                 
hptdc_serial_in_3         P28   Yes    MSIO198NB17                                 Bank17    LVTTL      Output                          TRISTATE                        None                                No                                  ---              ---            ---             ---             ---          ---           ---                4                  5                 
hptdc_tck_0               AB1   Yes    MSIO16NB6                                   Bank6     LVTTL      Output                          TRISTATE                        None                                No                                  ---              ---            ---             ---             ---          ---           ---                4                  5                 
hptdc_tck_1               AC5   Yes    MSIO6PB6                                    Bank6     LVTTL      Output                          TRISTATE                        None                                No                                  ---              ---            ---             ---             ---          ---           ---                4                  5                 
hptdc_tck_2               AJ2   Yes    MSIO285PB8                                  Bank8     LVTTL      Output                          TRISTATE                        None                                No                                  ---              ---            ---             ---             ---          ---           ---                4                  5                 
hptdc_tck_3               AJ3   Yes    MSIO282NB8                                  Bank8     LVTTL      Output                          TRISTATE                        None                                No                                  ---              ---            ---             ---             ---          ---           ---                4                  5                 
hptdc_tdi_0               AJ6   Yes    MSIO281PB8/GB15/CCC_SE1_CLKI2               Bank8     LVTTL      Input                           TRISTATE                        None                                No                                  Off              ---            ---             Off             Off          ---           ---                ---                ---               
hptdc_tdi_1               AJ4   Yes    MSIO282PB8/CCC_SE1_CLKI3                    Bank8     LVTTL      Input                           TRISTATE                        None                                No                                  Off              ---            ---             Off             Off          ---           ---                ---                ---               
hptdc_tdi_2               AG5   Yes    MSIO286NB8                                  Bank8     LVTTL      Input                           TRISTATE                        None                                No                                  Off              ---            ---             Off             Off          ---           ---                ---                ---               
hptdc_tdi_3               AE7   Yes    MSIO289PB8                                  Bank8     LVTTL      Input                           TRISTATE                        None                                No                                  Off              ---            ---             Off             Off          ---           ---                ---                ---               
hptdc_tdo_0               AH6   Yes    MSIO283PB8                                  Bank8     LVTTL      Output                          TRISTATE                        None                                No                                  ---              ---            ---             ---             ---          ---           ---                4                  5                 
hptdc_tdo_1               AE6   Yes    MSIO288PB8                                  Bank8     LVTTL      Output                          TRISTATE                        None                                No                                  ---              ---            ---             ---             ---          ---           ---                4                  5                 
hptdc_tdo_2               AG6   Yes    MSIO286PB8                                  Bank8     LVTTL      Output                          TRISTATE                        None                                No                                  ---              ---            ---             ---             ---          ---           ---                4                  5                 
hptdc_tdo_3               AD7   Yes    MSIO289NB8                                  Bank8     LVTTL      Output                          TRISTATE                        None                                No                                  ---              ---            ---             ---             ---          ---           ---                4                  5                 
hptdc_tms_0               AJ5   Yes    MSIO281NB8                                  Bank8     LVTTL      Output                          TRISTATE                        None                                No                                  ---              ---            ---             ---             ---          ---           ---                4                  5                 
hptdc_tms_1               AH3   Yes    MSIO285NB8                                  Bank8     LVTTL      Output                          TRISTATE                        None                                No                                  ---              ---            ---             ---             ---          ---           ---                4                  5                 
hptdc_tms_2               AF5   Yes    MSIO288NB8                                  Bank8     LVTTL      Output                          TRISTATE                        None                                No                                  ---              ---            ---             ---             ---          ---           ---                4                  5                 
hptdc_tms_3               AF7   Yes    MSIO284NB8                                  Bank8     LVTTL      Output                          TRISTATE                        None                                No                                  ---              ---            ---             ---             ---          ---           ---                4                  5                 
hptdc_token_bypass_in_0   AD3   Yes    MSIO5PB6                                    Bank6     LVTTL      Output                          TRISTATE                        None                                No                                  ---              ---            ---             ---             ---          ---           ---                4                  5                 
hptdc_token_bypass_in_1   AD4   Yes    MSIO4NB6                                    Bank6     LVTTL      Output                          TRISTATE                        None                                No                                  ---              ---            ---             ---             ---          ---           ---                4                  5                 
hptdc_token_bypass_in_2   AC4   Yes    MSIO6NB6                                    Bank6     LVTTL      Output                          TRISTATE                        None                                No                                  ---              ---            ---             ---             ---          ---           ---                4                  5                 
hptdc_token_bypass_in_3   AC3   Yes    MSIO10PB6                                   Bank6     LVTTL      Output                          TRISTATE                        None                                No                                  ---              ---            ---             ---             ---          ---           ---                4                  5                 
hptdc_token_in_0          AB3   Yes    MSIO10NB6                                   Bank6     LVTTL      Output                          TRISTATE                        None                                No                                  ---              ---            ---             ---             ---          ---           ---                4                  5                 
hptdc_token_in_1          AA4   Yes    MSIO12PB6                                   Bank6     LVTTL      Output                          TRISTATE                        None                                No                                  ---              ---            ---             ---             ---          ---           ---                4                  5                 
hptdc_token_in_2          AA3   Yes    MSIO17PB6                                   Bank6     LVTTL      Output                          TRISTATE                        None                                No                                  ---              ---            ---             ---             ---          ---           ---                4                  5                 
hptdc_token_in_3          AA2   Yes    MSIO17NB6                                   Bank6     LVTTL      Output                          TRISTATE                        None                                No                                  ---              ---            ---             ---             ---          ---           ---                4                  5                 
hptdc_token_out_0         AC1   Yes    MSIO9NB6                                    Bank6     LVTTL      Input                           TRISTATE                        None                                No                                  Off              ---            ---             Off             Off          ---           ---                ---                ---               
hptdc_token_out_1         AD1   Yes    MSIO9PB6                                    Bank6     LVTTL      Input                           TRISTATE                        None                                No                                  Off              ---            ---             Off             Off          ---           ---                ---                ---               
hptdc_token_out_2         AD2   Yes    MSIO5NB6                                    Bank6     LVTTL      Input                           TRISTATE                        None                                No                                  Off              ---            ---             Off             Off          ---           ---                ---                ---               
hptdc_token_out_3         AE4   Yes    MSIO4PB6                                    Bank6     LVTTL      Input                           TRISTATE                        None                                No                                  Off              ---            ---             Off             Off          ---           ---                ---                ---               
hptdc_trigger_0           G2    Yes    MSIO69PB3/GPIO_7_B                          Bank3     LVTTL      Output                          TRISTATE                        None                                No                                  ---              ---            ---             ---             ---          ---           ---                4                  5                 
hptdc_trigger_1           M7    Yes    MSIO60NB4/GPIO_2_B                          Bank4     LVTTL      Output                          TRISTATE                        None                                No                                  ---              ---            ---             ---             ---          ---           ---                4                  5                 
hptdc_trigger_2           W11   Yes    MSIO28NB5/USB_DIR_B                         Bank5     LVTTL      Output                          TRISTATE                        None                                No                                  ---              ---            ---             ---             ---          ---           ---                4                  5                 
hptdc_trigger_3           P30   Yes    MSIO199NB17                                 Bank17    LVTTL      Output                          TRISTATE                        None                                No                                  ---              ---            ---             ---             ---          ---           ---                4                  5                 
hptdc_trstn_0             AH5   Yes    MSIO283NB8                                  Bank8     LVTTL      Output                          TRISTATE                        None                                No                                  ---              ---            ---             ---             ---          ---           ---                4                  5                 
hptdc_trstn_1             AG4   Yes    MSIO287NB8                                  Bank8     LVTTL      Output                          TRISTATE                        None                                No                                  ---              ---            ---             ---             ---          ---           ---                4                  5                 
hptdc_trstn_2             AG3   Yes    MSIO287PB8                                  Bank8     LVTTL      Output                          TRISTATE                        None                                No                                  ---              ---            ---             ---             ---          ---           ---                4                  5                 
hptdc_trstn_3             AG7   Yes    MSIO284PB8                                  Bank8     LVTTL      Output                          TRISTATE                        None                                No                                  ---              ---            ---             ---             ---          ---           ---                4                  5                 
poh_clk_0                 Y2    No     MSIO19PB5                                   Bank5     LVCMOS33   Output                          TRISTATE                        None                                No                                  ---              ---            ---             ---             ---          ---           ---                4                  5                 
poh_clk_1                 AB5   No     MSIO7PB6                                    Bank6     LVCMOS33   Output                          TRISTATE                        None                                No                                  ---              ---            ---             ---             ---          ---           ---                4                  5                 
poh_clk_2                 E2    No     MSIO74PB3/USB_XCLK_C                        Bank3     LVCMOS33   Output                          TRISTATE                        None                                No                                  ---              ---            ---             ---             ---          ---           ---                4                  5                 
poh_clk_3                 U8    No     MSIO36NB5                                   Bank5     LVCMOS33   Output                          TRISTATE                        None                                No                                  ---              ---            ---             ---             ---          ---           ---                4                  5                 
poh_data_0                G3    No     MSIO69NB3/GPIO_8_B                          Bank3     LVCMOS33   Output                          TRISTATE                        None                                No                                  ---              ---            ---             ---             ---          ---           ---                4                  5                 
poh_data_1                N32   No     MSIO201PB17                                 Bank17    LVCMOS33   Output                          TRISTATE                        None                                No                                  ---              ---            ---             ---             ---          ---           ---                4                  5                 
poh_data_2                AB7   No     MSIO8NB6                                    Bank6     LVCMOS33   Output                          TRISTATE                        None                                No                                  ---              ---            ---             ---             ---          ---           ---                4                  5                 
poh_data_3                K5    No     MSIO66NB3/USB_DATA7_D/GPIO_23_B             Bank3     LVCMOS33   Output                          TRISTATE                        None                                No                                  ---              ---            ---             ---             ---          ---           ---                4                  5                 
rst                       M34   No     MSIO197PB17                                 Bank17    LVCMOS33   Input                           TRISTATE                        None                                No                                  Off              ---            ---             Off             Off          ---           ---                ---                ---               
