Compile Report
Microsemi Corporation - Microsemi Libero Software Release v11.7 (Version 11.7.0.119)
Date: Wed Apr 13 13:52:38 2016

Device Selection
+--------------------------------+----------------+
| Family                         | SmartFusion2   |
| Device                         | M2S150         |
| Package                        | 1152 FC        |
| Speed Grade                    | STD            |
| Temp                           | 0:25:85        |
| Voltage                        | 1.26:1.20:1.14 |
| Core Voltage                   | 1.2V           |
| Ramp Rate                      | 100ms Minimum  |
| System Controller Suspend Mode | No             |
| PLL Supply Voltage             | 2.5V           |
| Default I/O technology         | LVCMOS 3.3V    |
| Restrict Probe Pins            | Yes            |
| Restrict SPI Pins              | No             |
+--------------------------------+----------------+

Source Files
+---------+-----------------------------------------------------------------------------------------------+
| Topcell | TDR                                                                                           |
| Format  | EDIF                                                                                          |
| Source  | D:\DropAli\Dropbox\Documents\Projects\Firmware\Source\ctpps-firmware\synthesis\TDR.edn        |
| Source  | D:\DropAli\Dropbox\Documents\Projects\Firmware\Source\ctpps-firmware\constraint\fp\TDR.fp.pdc |
+---------+-----------------------------------------------------------------------------------------------+

Options
+---------------------------------------------------------+-------+
| Merge User SDC file(s) with Existing Timing Constraints | true  |
| Abort Compile if errors are found in PDC file(s)        | true  |
| Enable Single Event Transient mitigation                | false |
| Enable Design Separation Methodology                    | false |
| Limit the number of high fanout nets to display to      | 10    |
+---------------------------------------------------------+-------+

Resource Usage
+---------------------------+------+--------+------------+
| Type                      | Used | Total  | Percentage |
+---------------------------+------+--------+------------+
| 4LUT                      | 997  | 146124 | 0.68       |
| DFF                       | 539  | 146124 | 0.37       |
| I/O Register              | 0    | 1716   | 0.00       |
| User I/O                  | 122  | 572    | 21.33      |
| -- Single-ended I/O       | 122  | 572    | 21.33      |
| -- Differential I/O Pairs | 0    | 286    | 0.00       |
| RAM64x18                  | 0    | 240    | 0.00       |
| RAM1K18                   | 0    | 236    | 0.00       |
| MACC                      | 0    | 240    | 0.00       |
| Chip Globals              | 1    | 16     | 6.25       |
| CCC                       | 0    | 8      | 0.00       |
| RCOSC_25_50MHZ            | 0    | 1      | 0.00       |
| RCOSC_1MHZ                | 0    | 1      | 0.00       |
| XTLOSC                    | 0    | 1      | 0.00       |
| FDDR                      | 0    | 1      | 0.00       |
| MSS                       | 0    | 1      | 0.00       |
+---------------------------+------+--------+------------+

Detailed Logic Resource Usage
+--------------------------+------+-----+
| Type                     | 4LUT | DFF |
+--------------------------+------+-----+
| Fabric Logic             | 997  | 539 |
| RAM64x18 Interface Logic | 0    | 0   |
| RAM1K18 Interface Logic  | 0    | 0   |
| MACC Interface Logic     | 0    | 0   |
| Total Used               | 997  | 539 |
+--------------------------+------+-----+

Detailed Carry Chains Resource Usage
+--------+------+
| Length | Used |
| 7      | 1    |
| 8      | 2    |
| 11     | 2    |
| 16     | 2    |
| Total  | 7    |
+--------+------+

I/O Function
+-------------------------------+--------------+-------------+-----------------+
| Type                          | w/o register | w/ register | w/ DDR register |
+-------------------------------+--------------+-------------+-----------------+
| Input I/O                     | 18           | 0           | 0               |
| Output I/O                    | 72           | 0           | 0               |
| Bidirectional I/O             | 32           | 0           | 0               |
| Differential Input I/O Pairs  | 0            | 0           | 0               |
| Differential Output I/O Pairs | 0            | 0           | 0               |
+-------------------------------+--------------+-------------+-----------------+

I/O Technology
+--------------+--------+------+-------+--------+---------------+
| I/O Standard | Vddi   | Vref | Input | Output | Bidirectional |
+--------------+--------+------+-------+--------+---------------+
| LVCMOS33     |  3.30v |  N/A |  18   |  72    |  32           |
+--------------+--------+------+-------+--------+---------------+

I/O Placement
+----------+-------+------------+
| Type     | Count | Percentage |
+----------+-------+------------+
| Locked   |  0    | 0.00%      |
| Placed   |  0    | 0.00%      |
| UnPlaced |  122  | 100.00%    |
+----------+-------+------------+

Nets assigned to chip global resources
+--------+---------+----------------------------------+
| Fanout | Type    | Name                             |
+--------+---------+----------------------------------+
| 539    | INT_NET | Net   : clk_c                    |
|        |         | Driver: clk_ibuf_RNIVTI2/U0_RGB1 |
|        |         | Source: NETLIST                  |
+--------+---------+----------------------------------+

Nets assigned to row global resources
+--------+------+------+
| Fanout | Type | Name |
+--------+------+------+
+--------+------+------+

High fanout nets
+--------+---------+----------------------------------------------------------+
| Fanout | Type    | Name                                                     |
+--------+---------+----------------------------------------------------------+
| 192    | INT_NET | Net   : rst_c                                            |
|        |         | Driver: rst_ibuf                                         |
| 47     | INT_NET | Net   : ccu25_data_0_in[7]                               |
|        |         | Driver: ccu25_data_0_iobuf[7]                            |
| 46     | INT_NET | Net   : ccu25_data_2_in[7]                               |
|        |         | Driver: ccu25_data_2_iobuf[7]                            |
| 43     | INT_NET | Net   : ccu25_data_3_in[7]                               |
|        |         | Driver: ccu25_data_3_iobuf[7]                            |
| 41     | INT_NET | Net   : ccu25_data_1_in[7]                               |
|        |         | Driver: ccu25_data_1_iobuf[7]                            |
| 33     | INT_NET | Net   : ControlDecoder_0/N_197_i_0                       |
|        |         | Driver: ControlDecoder_0/instruction45_RNICP94_0         |
| 33     | INT_NET | Net   : ControlDecoder_1/counter_0_sqmuxa_1_1_a3_iso     |
|        |         | Driver: ControlDecoder_1/ccu25_data_temp_en_RNID9RJ_0[0] |
| 27     | INT_NET | Net   : DACController_0/dataready                        |
|        |         | Driver: DACController_0/dataready                        |
| 27     | INT_NET | Net   : DACController_1/dataready                        |
|        |         | Driver: DACController_1/dataready                        |
| 26     | INT_NET | Net   : ccu25_data_2_in[1]                               |
|        |         | Driver: ccu25_data_2_iobuf[1]                            |
+--------+---------+----------------------------------------------------------+

High fanout nets (through buffer trees)
+--------+---------+----------------------------------------------------------+
| Fanout | Type    | Name                                                     |
+--------+---------+----------------------------------------------------------+
| 192    | INT_NET | Net   : rst_c                                            |
|        |         | Driver: rst_ibuf                                         |
| 47     | INT_NET | Net   : ccu25_data_0_in[7]                               |
|        |         | Driver: ccu25_data_0_iobuf[7]                            |
| 46     | INT_NET | Net   : ccu25_data_2_in[7]                               |
|        |         | Driver: ccu25_data_2_iobuf[7]                            |
| 43     | INT_NET | Net   : ccu25_data_3_in[7]                               |
|        |         | Driver: ccu25_data_3_iobuf[7]                            |
| 41     | INT_NET | Net   : ccu25_data_1_in[7]                               |
|        |         | Driver: ccu25_data_1_iobuf[7]                            |
| 33     | INT_NET | Net   : ControlDecoder_0/N_197_i_0                       |
|        |         | Driver: ControlDecoder_0/instruction45_RNICP94_0         |
| 33     | INT_NET | Net   : ControlDecoder_1/counter_0_sqmuxa_1_1_a3_iso     |
|        |         | Driver: ControlDecoder_1/ccu25_data_temp_en_RNID9RJ_0[0] |
| 27     | INT_NET | Net   : DACController_0/dataready                        |
|        |         | Driver: DACController_0/dataready                        |
| 27     | INT_NET | Net   : DACController_1/dataready                        |
|        |         | Driver: DACController_1/dataready                        |
| 26     | INT_NET | Net   : ccu25_data_2_in[1]                               |
|        |         | Driver: ccu25_data_2_iobuf[1]                            |
+--------+---------+----------------------------------------------------------+

